lecanhduong@ubuntu:~$ ls
01.report.shell.commands.txt  Downloads         Pictures           Videos
03.report.process.shell.txt   examples.desktop  Public
Desktop                       Music             Templates
Documents                     os2018            Untitled Document
lecanhduong@ubuntu:~$  ls | grep list
lecanhduong@ubuntu:~$ wc -l /etc/passwd
40 /etc/passwd
lecanhduong@ubuntu:~$ free -m
              total        used        free      shared  buff/cache   available
Mem:            971         605         170          21         195         167
Swap:          1021         194         827
lecanhduong@ubuntu:~$ grep -m 1 'cpu cores' /proc/cpuinfo
cpu cores	: 1
lecanhduong@ubuntu:~$ cd ~/Pictures
lecanhduong@ubuntu:~/Pictures$ -name "*.jpg" | wc -l
No command '-name' found, did you mean:
 Command 'uname' from package 'coreutils' (main)
-name: command not found
0

